// Vitest Snapshot v1

exports[`test > should workd 1`] = `
{
  "HTML": [
    {
      "HEAD": "",
    },
    {
      "BODY": [
        {
          "MYROOT": [
            {
              "TEST": "Success",
            },
            {
              "TEST2": [
                {
                  "ITEM": "val1",
                },
                {
                  "ITEM": "val2",
                },
              ],
            },
          ],
        },
      ],
    },
  ],
}
`;
